// Jest Snapshot v1, https://goo.gl/fbAQLP

exports[`PastEvents component must render properly 1`] = `
ShallowWrapper {
  "length": 1,
  Symbol(enzyme.__root__): [Circular],
  Symbol(enzyme.__unrendered__): <PastEvents
    pastEvents={
      Array [
        Object {
          "id": 0,
          "name": "Test event",
          "url": "http://test.url.com/",
        },
      ]
    }
  />,
  Symbol(enzyme.__renderer__): Object {
    "batchedUpdates": [Function],
    "getNode": [Function],
    "render": [Function],
    "simulateEvent": [Function],
    "unmount": [Function],
  },
  Symbol(enzyme.__node__): Object {
    "instance": null,
    "key": undefined,
    "nodeType": "host",
    "props": Object {
      "children": Array [
        <styled.h3>
          PAST EVENTS
        </styled.h3>,
        <styled.ul>
          <styled.li>
            <styled.a
              href="http://test.url.com/"
              rel="noopener"
              target="_blank"
            >
              <styled.span>
                Test event
              </styled.span>
            </styled.a>
          </styled.li>
        </styled.ul>,
      ],
    },
    "ref": null,
    "rendered": Array [
      Object {
        "instance": null,
        "key": undefined,
        "nodeType": "class",
        "props": Object {
          "children": "PAST EVENTS",
        },
        "ref": null,
        "rendered": "PAST EVENTS",
        "type": [Function],
      },
      Object {
        "instance": null,
        "key": undefined,
        "nodeType": "class",
        "props": Object {
          "children": Array [
            <styled.li>
              <styled.a
                href="http://test.url.com/"
                rel="noopener"
                target="_blank"
              >
                <styled.span>
                  Test event
                </styled.span>
              </styled.a>
            </styled.li>,
          ],
        },
        "ref": null,
        "rendered": Array [
          Object {
            "instance": null,
            "key": "0",
            "nodeType": "class",
            "props": Object {
              "children": <styled.a
                href="http://test.url.com/"
                rel="noopener"
                target="_blank"
              >
                <styled.span>
                  Test event
                </styled.span>
              </styled.a>,
            },
            "ref": null,
            "rendered": Object {
              "instance": null,
              "key": undefined,
              "nodeType": "class",
              "props": Object {
                "children": <styled.span>
                  Test event
                </styled.span>,
                "href": "http://test.url.com/",
                "rel": "noopener",
                "target": "_blank",
              },
              "ref": null,
              "rendered": Object {
                "instance": null,
                "key": undefined,
                "nodeType": "class",
                "props": Object {
                  "children": "Test event",
                },
                "ref": null,
                "rendered": "Test event",
                "type": [Function],
              },
              "type": [Function],
            },
            "type": [Function],
          },
        ],
        "type": [Function],
      },
    ],
    "type": "div",
  },
  Symbol(enzyme.__nodes__): Array [
    Object {
      "instance": null,
      "key": undefined,
      "nodeType": "host",
      "props": Object {
        "children": Array [
          <styled.h3>
            PAST EVENTS
          </styled.h3>,
          <styled.ul>
            <styled.li>
              <styled.a
                href="http://test.url.com/"
                rel="noopener"
                target="_blank"
              >
                <styled.span>
                  Test event
                </styled.span>
              </styled.a>
            </styled.li>
          </styled.ul>,
        ],
      },
      "ref": null,
      "rendered": Array [
        Object {
          "instance": null,
          "key": undefined,
          "nodeType": "class",
          "props": Object {
            "children": "PAST EVENTS",
          },
          "ref": null,
          "rendered": "PAST EVENTS",
          "type": [Function],
        },
        Object {
          "instance": null,
          "key": undefined,
          "nodeType": "class",
          "props": Object {
            "children": Array [
              <styled.li>
                <styled.a
                  href="http://test.url.com/"
                  rel="noopener"
                  target="_blank"
                >
                  <styled.span>
                    Test event
                  </styled.span>
                </styled.a>
              </styled.li>,
            ],
          },
          "ref": null,
          "rendered": Array [
            Object {
              "instance": null,
              "key": "0",
              "nodeType": "class",
              "props": Object {
                "children": <styled.a
                  href="http://test.url.com/"
                  rel="noopener"
                  target="_blank"
                >
                  <styled.span>
                    Test event
                  </styled.span>
                </styled.a>,
              },
              "ref": null,
              "rendered": Object {
                "instance": null,
                "key": undefined,
                "nodeType": "class",
                "props": Object {
                  "children": <styled.span>
                    Test event
                  </styled.span>,
                  "href": "http://test.url.com/",
                  "rel": "noopener",
                  "target": "_blank",
                },
                "ref": null,
                "rendered": Object {
                  "instance": null,
                  "key": undefined,
                  "nodeType": "class",
                  "props": Object {
                    "children": "Test event",
                  },
                  "ref": null,
                  "rendered": "Test event",
                  "type": [Function],
                },
                "type": [Function],
              },
              "type": [Function],
            },
          ],
          "type": [Function],
        },
      ],
      "type": "div",
    },
  ],
  Symbol(enzyme.__options__): Object {
    "adapter": ReactSixteenAdapter {
      "options": Object {
        "enableComponentDidUpdateOnSetState": true,
      },
    },
  },
}
`;
