// Jest Snapshot v1, https://goo.gl/fbAQLP

exports[`Talks component must render properly 1`] = `
ShallowWrapper {
  "length": 1,
  Symbol(enzyme.__root__): [Circular],
  Symbol(enzyme.__unrendered__): <Talks
    numTalks={5}
  />,
  Symbol(enzyme.__renderer__): Object {
    "batchedUpdates": [Function],
    "getNode": [Function],
    "render": [Function],
    "simulateEvent": [Function],
    "unmount": [Function],
  },
  Symbol(enzyme.__node__): Object {
    "instance": null,
    "key": undefined,
    "nodeType": "class",
    "props": Object {
      "children": Array [
        <ResponsiveSquare
          minWidth="130px"
          style={Object {}}
          width="20%"
        >
          <styled.div>
            <styled.div>
              5
            </styled.div>
            <styled.h2>
              Talks
            </styled.h2>
          </styled.div>
        </ResponsiveSquare>,
        <styled.div>
          <styled.div>
            5min { "Express talks" }
          </styled.div>
          <styled.div>
            20min { "Standard talks" }
          </styled.div>
        </styled.div>,
      ],
    },
    "ref": null,
    "rendered": Array [
      Object {
        "instance": null,
        "key": undefined,
        "nodeType": "function",
        "props": Object {
          "children": <styled.div>
            <styled.div>
              5
            </styled.div>
            <styled.h2>
              Talks
            </styled.h2>
          </styled.div>,
          "minWidth": "130px",
          "style": Object {},
          "width": "20%",
        },
        "ref": null,
        "rendered": Object {
          "instance": null,
          "key": undefined,
          "nodeType": "class",
          "props": Object {
            "children": Array [
              <styled.div>
                5
              </styled.div>,
              <styled.h2>
                Talks
              </styled.h2>,
            ],
          },
          "ref": null,
          "rendered": Array [
            Object {
              "instance": null,
              "key": undefined,
              "nodeType": "class",
              "props": Object {
                "children": 5,
              },
              "ref": null,
              "rendered": 5,
              "type": [Function],
            },
            Object {
              "instance": null,
              "key": undefined,
              "nodeType": "class",
              "props": Object {
                "children": "Talks",
              },
              "ref": null,
              "rendered": "Talks",
              "type": [Function],
            },
          ],
          "type": [Function],
        },
        "type": [Function],
      },
      Object {
        "instance": null,
        "key": undefined,
        "nodeType": "class",
        "props": Object {
          "children": Array [
            <styled.div>
              5min { "Express talks" }
            </styled.div>,
            <styled.div>
              20min { "Standard talks" }
            </styled.div>,
          ],
        },
        "ref": null,
        "rendered": Array [
          Object {
            "instance": null,
            "key": undefined,
            "nodeType": "class",
            "props": Object {
              "children": "5min { \\"Express talks\\" }",
            },
            "ref": null,
            "rendered": "5min { \\"Express talks\\" }",
            "type": [Function],
          },
          Object {
            "instance": null,
            "key": undefined,
            "nodeType": "class",
            "props": Object {
              "children": "20min { \\"Standard talks\\" }",
            },
            "ref": null,
            "rendered": "20min { \\"Standard talks\\" }",
            "type": [Function],
          },
        ],
        "type": [Function],
      },
    ],
    "type": [Function],
  },
  Symbol(enzyme.__nodes__): Array [
    Object {
      "instance": null,
      "key": undefined,
      "nodeType": "class",
      "props": Object {
        "children": Array [
          <ResponsiveSquare
            minWidth="130px"
            style={Object {}}
            width="20%"
          >
            <styled.div>
              <styled.div>
                5
              </styled.div>
              <styled.h2>
                Talks
              </styled.h2>
            </styled.div>
          </ResponsiveSquare>,
          <styled.div>
            <styled.div>
              5min { "Express talks" }
            </styled.div>
            <styled.div>
              20min { "Standard talks" }
            </styled.div>
          </styled.div>,
        ],
      },
      "ref": null,
      "rendered": Array [
        Object {
          "instance": null,
          "key": undefined,
          "nodeType": "function",
          "props": Object {
            "children": <styled.div>
              <styled.div>
                5
              </styled.div>
              <styled.h2>
                Talks
              </styled.h2>
            </styled.div>,
            "minWidth": "130px",
            "style": Object {},
            "width": "20%",
          },
          "ref": null,
          "rendered": Object {
            "instance": null,
            "key": undefined,
            "nodeType": "class",
            "props": Object {
              "children": Array [
                <styled.div>
                  5
                </styled.div>,
                <styled.h2>
                  Talks
                </styled.h2>,
              ],
            },
            "ref": null,
            "rendered": Array [
              Object {
                "instance": null,
                "key": undefined,
                "nodeType": "class",
                "props": Object {
                  "children": 5,
                },
                "ref": null,
                "rendered": 5,
                "type": [Function],
              },
              Object {
                "instance": null,
                "key": undefined,
                "nodeType": "class",
                "props": Object {
                  "children": "Talks",
                },
                "ref": null,
                "rendered": "Talks",
                "type": [Function],
              },
            ],
            "type": [Function],
          },
          "type": [Function],
        },
        Object {
          "instance": null,
          "key": undefined,
          "nodeType": "class",
          "props": Object {
            "children": Array [
              <styled.div>
                5min { "Express talks" }
              </styled.div>,
              <styled.div>
                20min { "Standard talks" }
              </styled.div>,
            ],
          },
          "ref": null,
          "rendered": Array [
            Object {
              "instance": null,
              "key": undefined,
              "nodeType": "class",
              "props": Object {
                "children": "5min { \\"Express talks\\" }",
              },
              "ref": null,
              "rendered": "5min { \\"Express talks\\" }",
              "type": [Function],
            },
            Object {
              "instance": null,
              "key": undefined,
              "nodeType": "class",
              "props": Object {
                "children": "20min { \\"Standard talks\\" }",
              },
              "ref": null,
              "rendered": "20min { \\"Standard talks\\" }",
              "type": [Function],
            },
          ],
          "type": [Function],
        },
      ],
      "type": [Function],
    },
  ],
  Symbol(enzyme.__options__): Object {
    "adapter": ReactSixteenAdapter {
      "options": Object {
        "enableComponentDidUpdateOnSetState": true,
      },
    },
  },
}
`;
