// Jest Snapshot v1, https://goo.gl/fbAQLP

exports[`Typography - Body1 component must render properly 1`] = `
ShallowWrapper {
  "length": 1,
  Symbol(enzyme.__root__): [Circular],
  Symbol(enzyme.__unrendered__): <styled.p
    theme={
      Object {
        "color": [Function],
        "contrast": [Function],
        "fontFamily": [Function],
        "textSetting": [Function],
        "weight": [Function],
      }
    }
  >
    Body 1
  </styled.p>,
  Symbol(enzyme.__renderer__): Object {
    "batchedUpdates": [Function],
    "getNode": [Function],
    "render": [Function],
    "simulateEvent": [Function],
    "unmount": [Function],
  },
  Symbol(enzyme.__node__): Object {
    "instance": null,
    "key": undefined,
    "nodeType": "host",
    "props": Object {
      "children": "Body 1",
      "className": "sc-bdVaJa fTlhNU",
    },
    "ref": null,
    "rendered": "Body 1",
    "type": "p",
  },
  Symbol(enzyme.__nodes__): Array [
    Object {
      "instance": null,
      "key": undefined,
      "nodeType": "host",
      "props": Object {
        "children": "Body 1",
        "className": "sc-bdVaJa fTlhNU",
      },
      "ref": null,
      "rendered": "Body 1",
      "type": "p",
    },
  ],
  Symbol(enzyme.__options__): Object {
    "adapter": ReactSixteenAdapter {
      "options": Object {
        "enableComponentDidUpdateOnSetState": true,
      },
    },
  },
}
`;
