// Jest Snapshot v1, https://goo.gl/fbAQLP

exports[`SocialLinks component must render properly 1`] = `
ShallowWrapper {
  "length": 1,
  Symbol(enzyme.__root__): [Circular],
  Symbol(enzyme.__unrendered__): <SocialLinks
    links={
      Array [
        Object {
          "id": 1,
          "name": "test social",
          "url": "/testSocial",
        },
      ]
    }
  />,
  Symbol(enzyme.__renderer__): Object {
    "batchedUpdates": [Function],
    "getNode": [Function],
    "render": [Function],
    "simulateEvent": [Function],
    "unmount": [Function],
  },
  Symbol(enzyme.__node__): Object {
    "instance": null,
    "key": undefined,
    "nodeType": "host",
    "props": Object {
      "children": Array [
        <styled.h3>
          SOCIAL
        </styled.h3>,
        <styled.ul>
          <styled.li>
            <a
              href="/testSocial"
              rel="noopener"
            >
              <img
                alt="test social"
                src={undefined}
              />
            </a>
          </styled.li>
        </styled.ul>,
      ],
    },
    "ref": null,
    "rendered": Array [
      Object {
        "instance": null,
        "key": undefined,
        "nodeType": "class",
        "props": Object {
          "children": "SOCIAL",
        },
        "ref": null,
        "rendered": "SOCIAL",
        "type": [Function],
      },
      Object {
        "instance": null,
        "key": undefined,
        "nodeType": "class",
        "props": Object {
          "children": Array [
            <styled.li>
              <a
                href="/testSocial"
                rel="noopener"
              >
                <img
                  alt="test social"
                  src={undefined}
                />
              </a>
            </styled.li>,
          ],
        },
        "ref": null,
        "rendered": Array [
          Object {
            "instance": null,
            "key": "1",
            "nodeType": "class",
            "props": Object {
              "children": <a
                href="/testSocial"
                rel="noopener"
              >
                <img
                  alt="test social"
                  src={undefined}
                />
              </a>,
            },
            "ref": null,
            "rendered": Object {
              "instance": null,
              "key": undefined,
              "nodeType": "host",
              "props": Object {
                "children": <img
                  alt="test social"
                  src={undefined}
                />,
                "href": "/testSocial",
                "rel": "noopener",
              },
              "ref": null,
              "rendered": Object {
                "instance": null,
                "key": undefined,
                "nodeType": "host",
                "props": Object {
                  "alt": "test social",
                  "src": undefined,
                },
                "ref": null,
                "rendered": null,
                "type": "img",
              },
              "type": "a",
            },
            "type": [Function],
          },
        ],
        "type": [Function],
      },
    ],
    "type": "div",
  },
  Symbol(enzyme.__nodes__): Array [
    Object {
      "instance": null,
      "key": undefined,
      "nodeType": "host",
      "props": Object {
        "children": Array [
          <styled.h3>
            SOCIAL
          </styled.h3>,
          <styled.ul>
            <styled.li>
              <a
                href="/testSocial"
                rel="noopener"
              >
                <img
                  alt="test social"
                  src={undefined}
                />
              </a>
            </styled.li>
          </styled.ul>,
        ],
      },
      "ref": null,
      "rendered": Array [
        Object {
          "instance": null,
          "key": undefined,
          "nodeType": "class",
          "props": Object {
            "children": "SOCIAL",
          },
          "ref": null,
          "rendered": "SOCIAL",
          "type": [Function],
        },
        Object {
          "instance": null,
          "key": undefined,
          "nodeType": "class",
          "props": Object {
            "children": Array [
              <styled.li>
                <a
                  href="/testSocial"
                  rel="noopener"
                >
                  <img
                    alt="test social"
                    src={undefined}
                  />
                </a>
              </styled.li>,
            ],
          },
          "ref": null,
          "rendered": Array [
            Object {
              "instance": null,
              "key": "1",
              "nodeType": "class",
              "props": Object {
                "children": <a
                  href="/testSocial"
                  rel="noopener"
                >
                  <img
                    alt="test social"
                    src={undefined}
                  />
                </a>,
              },
              "ref": null,
              "rendered": Object {
                "instance": null,
                "key": undefined,
                "nodeType": "host",
                "props": Object {
                  "children": <img
                    alt="test social"
                    src={undefined}
                  />,
                  "href": "/testSocial",
                  "rel": "noopener",
                },
                "ref": null,
                "rendered": Object {
                  "instance": null,
                  "key": undefined,
                  "nodeType": "host",
                  "props": Object {
                    "alt": "test social",
                    "src": undefined,
                  },
                  "ref": null,
                  "rendered": null,
                  "type": "img",
                },
                "type": "a",
              },
              "type": [Function],
            },
          ],
          "type": [Function],
        },
      ],
      "type": "div",
    },
  ],
  Symbol(enzyme.__options__): Object {
    "adapter": ReactSixteenAdapter {
      "options": Object {
        "enableComponentDidUpdateOnSetState": true,
      },
    },
  },
}
`;
