// Jest Snapshot v1, https://goo.gl/fbAQLP

exports[`ResponsiveSquare component must render properly 1`] = `
ShallowWrapper {
  "length": 1,
  Symbol(enzyme.__root__): [Circular],
  Symbol(enzyme.__unrendered__): <ResponsiveSquare
    minWidth="250px"
    style={Object {}}
    width="100%"
  >
    <p>
      Some arbitrary content
    </p>
  </ResponsiveSquare>,
  Symbol(enzyme.__renderer__): Object {
    "batchedUpdates": [Function],
    "getNode": [Function],
    "render": [Function],
    "simulateEvent": [Function],
    "unmount": [Function],
  },
  Symbol(enzyme.__node__): Object {
    "instance": null,
    "key": undefined,
    "nodeType": "class",
    "props": Object {
      "children": <styled.div>
        <p>
          Some arbitrary content
        </p>
      </styled.div>,
      "minWidth": "250px",
      "style": Object {},
      "width": "100%",
    },
    "ref": null,
    "rendered": Object {
      "instance": null,
      "key": undefined,
      "nodeType": "class",
      "props": Object {
        "children": <p>
          Some arbitrary content
        </p>,
      },
      "ref": null,
      "rendered": Object {
        "instance": null,
        "key": undefined,
        "nodeType": "host",
        "props": Object {
          "children": "Some arbitrary content",
        },
        "ref": null,
        "rendered": "Some arbitrary content",
        "type": "p",
      },
      "type": [Function],
    },
    "type": [Function],
  },
  Symbol(enzyme.__nodes__): Array [
    Object {
      "instance": null,
      "key": undefined,
      "nodeType": "class",
      "props": Object {
        "children": <styled.div>
          <p>
            Some arbitrary content
          </p>
        </styled.div>,
        "minWidth": "250px",
        "style": Object {},
        "width": "100%",
      },
      "ref": null,
      "rendered": Object {
        "instance": null,
        "key": undefined,
        "nodeType": "class",
        "props": Object {
          "children": <p>
            Some arbitrary content
          </p>,
        },
        "ref": null,
        "rendered": Object {
          "instance": null,
          "key": undefined,
          "nodeType": "host",
          "props": Object {
            "children": "Some arbitrary content",
          },
          "ref": null,
          "rendered": "Some arbitrary content",
          "type": "p",
        },
        "type": [Function],
      },
      "type": [Function],
    },
  ],
  Symbol(enzyme.__options__): Object {
    "adapter": ReactSixteenAdapter {
      "options": Object {
        "enableComponentDidUpdateOnSetState": true,
      },
    },
  },
}
`;
