// Jest Snapshot v1, https://goo.gl/fbAQLP

exports[`Speaker component must render properly 1`] = `
ShallowWrapper {
  "length": 1,
  Symbol(enzyme.__root__): [Circular],
  Symbol(enzyme.__unrendered__): <Speaker
    speaker={
      Object {
        "bwPhoto": "https://avatars3.githubusercontent.com/u/1074?s=460&v=4",
        "company": "Freelancer",
        "id": 0,
        "jobTitle": "Web Dev Consultant",
        "name": "André Gonçalves",
        "personalWebsite": "https://github.com/andregoncalves",
        "photo": "https://avatars3.githubusercontent.com/u/1074?s=460&v=4",
      }
    }
  />,
  Symbol(enzyme.__renderer__): Object {
    "batchedUpdates": [Function],
    "getNode": [Function],
    "render": [Function],
    "simulateEvent": [Function],
    "unmount": [Function],
  },
  Symbol(enzyme.__node__): Object {
    "instance": null,
    "key": "0",
    "nodeType": "class",
    "props": Object {
      "children": Array [
        <link
          href="https://avatars3.githubusercontent.com/u/1074?s=460&v=4"
          rel="prefetch"
        />,
        <styled.img
          alt="Speaker"
          onBlur={[Function]}
          onFocus={[Function]}
          onMouseOut={[Function]}
          onMouseOver={[Function]}
          src="https://avatars3.githubusercontent.com/u/1074?s=460&v=4"
        />,
        <styled.div>
          <styled.h3>
            <styled.a
              href="https://github.com/andregoncalves"
            >
              André Gonçalves
            </styled.a>
          </styled.h3>
        </styled.div>,
        <styled.div>
          <styled.span>
            Web Dev Consultant
            ,
          </styled.span>
          <br />
          <styled.span>
            at 
            <styled.a
              href={undefined}
            >
              Freelancer
            </styled.a>
          </styled.span>
        </styled.div>,
      ],
    },
    "ref": null,
    "rendered": Array [
      Object {
        "instance": null,
        "key": undefined,
        "nodeType": "host",
        "props": Object {
          "href": "https://avatars3.githubusercontent.com/u/1074?s=460&v=4",
          "rel": "prefetch",
        },
        "ref": null,
        "rendered": null,
        "type": "link",
      },
      Object {
        "instance": null,
        "key": undefined,
        "nodeType": "class",
        "props": Object {
          "alt": "Speaker",
          "onBlur": [Function],
          "onFocus": [Function],
          "onMouseOut": [Function],
          "onMouseOver": [Function],
          "src": "https://avatars3.githubusercontent.com/u/1074?s=460&v=4",
        },
        "ref": null,
        "rendered": null,
        "type": [Function],
      },
      Object {
        "instance": null,
        "key": undefined,
        "nodeType": "class",
        "props": Object {
          "children": <styled.h3>
            <styled.a
              href="https://github.com/andregoncalves"
            >
              André Gonçalves
            </styled.a>
          </styled.h3>,
        },
        "ref": null,
        "rendered": Object {
          "instance": null,
          "key": undefined,
          "nodeType": "class",
          "props": Object {
            "children": <styled.a
              href="https://github.com/andregoncalves"
            >
              André Gonçalves
            </styled.a>,
          },
          "ref": null,
          "rendered": Object {
            "instance": null,
            "key": undefined,
            "nodeType": "class",
            "props": Object {
              "children": "André Gonçalves",
              "href": "https://github.com/andregoncalves",
            },
            "ref": null,
            "rendered": "André Gonçalves",
            "type": [Function],
          },
          "type": [Function],
        },
        "type": [Function],
      },
      Object {
        "instance": null,
        "key": undefined,
        "nodeType": "class",
        "props": Object {
          "children": Array [
            <styled.span>
              Web Dev Consultant
              ,
            </styled.span>,
            <br />,
            <styled.span>
              at 
              <styled.a
                href={undefined}
              >
                Freelancer
              </styled.a>
            </styled.span>,
          ],
        },
        "ref": null,
        "rendered": Array [
          Object {
            "instance": null,
            "key": undefined,
            "nodeType": "class",
            "props": Object {
              "children": Array [
                "Web Dev Consultant",
                ",",
              ],
            },
            "ref": null,
            "rendered": Array [
              "Web Dev Consultant",
              ",",
            ],
            "type": [Function],
          },
          Object {
            "instance": null,
            "key": undefined,
            "nodeType": "host",
            "props": Object {},
            "ref": null,
            "rendered": null,
            "type": "br",
          },
          Object {
            "instance": null,
            "key": undefined,
            "nodeType": "class",
            "props": Object {
              "children": Array [
                "at ",
                <styled.a
                  href={undefined}
                >
                  Freelancer
                </styled.a>,
              ],
            },
            "ref": null,
            "rendered": Array [
              "at ",
              Object {
                "instance": null,
                "key": undefined,
                "nodeType": "class",
                "props": Object {
                  "children": "Freelancer",
                  "href": undefined,
                },
                "ref": null,
                "rendered": "Freelancer",
                "type": [Function],
              },
            ],
            "type": [Function],
          },
        ],
        "type": [Function],
      },
    ],
    "type": [Function],
  },
  Symbol(enzyme.__nodes__): Array [
    Object {
      "instance": null,
      "key": "0",
      "nodeType": "class",
      "props": Object {
        "children": Array [
          <link
            href="https://avatars3.githubusercontent.com/u/1074?s=460&v=4"
            rel="prefetch"
          />,
          <styled.img
            alt="Speaker"
            onBlur={[Function]}
            onFocus={[Function]}
            onMouseOut={[Function]}
            onMouseOver={[Function]}
            src="https://avatars3.githubusercontent.com/u/1074?s=460&v=4"
          />,
          <styled.div>
            <styled.h3>
              <styled.a
                href="https://github.com/andregoncalves"
              >
                André Gonçalves
              </styled.a>
            </styled.h3>
          </styled.div>,
          <styled.div>
            <styled.span>
              Web Dev Consultant
              ,
            </styled.span>
            <br />
            <styled.span>
              at 
              <styled.a
                href={undefined}
              >
                Freelancer
              </styled.a>
            </styled.span>
          </styled.div>,
        ],
      },
      "ref": null,
      "rendered": Array [
        Object {
          "instance": null,
          "key": undefined,
          "nodeType": "host",
          "props": Object {
            "href": "https://avatars3.githubusercontent.com/u/1074?s=460&v=4",
            "rel": "prefetch",
          },
          "ref": null,
          "rendered": null,
          "type": "link",
        },
        Object {
          "instance": null,
          "key": undefined,
          "nodeType": "class",
          "props": Object {
            "alt": "Speaker",
            "onBlur": [Function],
            "onFocus": [Function],
            "onMouseOut": [Function],
            "onMouseOver": [Function],
            "src": "https://avatars3.githubusercontent.com/u/1074?s=460&v=4",
          },
          "ref": null,
          "rendered": null,
          "type": [Function],
        },
        Object {
          "instance": null,
          "key": undefined,
          "nodeType": "class",
          "props": Object {
            "children": <styled.h3>
              <styled.a
                href="https://github.com/andregoncalves"
              >
                André Gonçalves
              </styled.a>
            </styled.h3>,
          },
          "ref": null,
          "rendered": Object {
            "instance": null,
            "key": undefined,
            "nodeType": "class",
            "props": Object {
              "children": <styled.a
                href="https://github.com/andregoncalves"
              >
                André Gonçalves
              </styled.a>,
            },
            "ref": null,
            "rendered": Object {
              "instance": null,
              "key": undefined,
              "nodeType": "class",
              "props": Object {
                "children": "André Gonçalves",
                "href": "https://github.com/andregoncalves",
              },
              "ref": null,
              "rendered": "André Gonçalves",
              "type": [Function],
            },
            "type": [Function],
          },
          "type": [Function],
        },
        Object {
          "instance": null,
          "key": undefined,
          "nodeType": "class",
          "props": Object {
            "children": Array [
              <styled.span>
                Web Dev Consultant
                ,
              </styled.span>,
              <br />,
              <styled.span>
                at 
                <styled.a
                  href={undefined}
                >
                  Freelancer
                </styled.a>
              </styled.span>,
            ],
          },
          "ref": null,
          "rendered": Array [
            Object {
              "instance": null,
              "key": undefined,
              "nodeType": "class",
              "props": Object {
                "children": Array [
                  "Web Dev Consultant",
                  ",",
                ],
              },
              "ref": null,
              "rendered": Array [
                "Web Dev Consultant",
                ",",
              ],
              "type": [Function],
            },
            Object {
              "instance": null,
              "key": undefined,
              "nodeType": "host",
              "props": Object {},
              "ref": null,
              "rendered": null,
              "type": "br",
            },
            Object {
              "instance": null,
              "key": undefined,
              "nodeType": "class",
              "props": Object {
                "children": Array [
                  "at ",
                  <styled.a
                    href={undefined}
                  >
                    Freelancer
                  </styled.a>,
                ],
              },
              "ref": null,
              "rendered": Array [
                "at ",
                Object {
                  "instance": null,
                  "key": undefined,
                  "nodeType": "class",
                  "props": Object {
                    "children": "Freelancer",
                    "href": undefined,
                  },
                  "ref": null,
                  "rendered": "Freelancer",
                  "type": [Function],
                },
              ],
              "type": [Function],
            },
          ],
          "type": [Function],
        },
      ],
      "type": [Function],
    },
  ],
  Symbol(enzyme.__options__): Object {
    "adapter": ReactSixteenAdapter {
      "options": Object {
        "enableComponentDidUpdateOnSetState": true,
      },
    },
  },
}
`;
